// Jest Snapshot v1, https://goo.gl/fbAQLP

exports[`components/Annotation/AnnotationHeader should correctly render annotation header 1`] = `
<div
  className="ba-annotation-headline"
>
  <UserLink
    className="ba-annotation-user-name"
    id="789ghi"
    name="Mia Thermopolis"
  />
  <Timestamp
    time="2017-09-27T10:40:41-07:00"
  />
</div>
`;
