// Jest Snapshot v1, https://goo.gl/fbAQLP

exports[`components/AnnotationForm should correctly render a list of annotation 1`] = `
<Internationalize>
  <ApprovalCommentForm
    className="ba-annotation-input-container"
    createComment={[MockFunction]}
    getAvatarUrl={[Function]}
    isEditing={true}
    isOpen={true}
    onCancel={[MockFunction]}
    onFocus={[Function]}
    onSubmit={[Function]}
    user={Object {}}
  />
</Internationalize>
`;
