// Jest Snapshot v1, https://goo.gl/fbAQLP

exports[`components/ActionControls should correctly render controls for drawing annotations 1`] = `
<div
  className="ba-action-controls"
>
  <TypeControls />
</div>
`;

exports[`components/ActionControls should not render controls for highlight comment annotations 1`] = `
<div
  className="ba-action-controls"
>
  <TypeControls />
</div>
`;

exports[`components/ActionControls should not render controls for plain highlight annotations 1`] = `
<div
  className="ba-action-controls"
>
  <TypeControls />
</div>
`;
