// Jest Snapshot v1, https://goo.gl/fbAQLP

exports[`components/ActionControls/HighlightControls should correctly render the drawing controls 1`] = `
<div
  className="ba-action-controls-highlight"
>
  <PlainButton
    className="ba-highlight-btn"
    isDisabled={false}
    onClick={[MockFunction]}
    type="button"
  >
    <IconHighlightAnnotation
      className="ba-saved-highlight"
      height={24}
      width={24}
    />
  </PlainButton>
</div>
`;

exports[`components/ActionControls/HighlightControls should not render the highlight button if the user cannot delete 1`] = `
<div
  className="ba-action-controls-highlight"
>
  <PlainButton
    className="ba-highlight-btn"
    isDisabled={false}
    onClick={[MockFunction]}
    type="button"
  >
    <IconHighlightAnnotation
      className="ba-saved-highlight"
      height={24}
      width={24}
    />
  </PlainButton>
</div>
`;

exports[`components/ActionControls/HighlightControls should not render the highlight comment button if the user cannot annotate 1`] = `
<div
  className="ba-action-controls-highlight"
/>
`;
