// Jest Snapshot v1, https://goo.gl/fbAQLP

exports[`components/Profile should display user profile with created by date 1`] = `
<div>
  <Avatar
    avatarUrl="foo.bar"
    className="profile-image-container"
    id="123"
    name="Kanye West"
  />
  <div
    className="profile-container"
  >
    <div
      className="user-name"
    >
       
      Kanye West
       
    </div>
    <div
      className="comment-date"
    >
       
      2017-09-27T10:40:41-07:00
       
    </div>
  </div>
</div>
`;
